// Jest Snapshot v1, https://goo.gl/fbAQLP

exports[`Sanity 1`] = `[Function]`;
